100111110100110101010111110011
100111110110110111011111111111
000000000000000000000000100111
011100000000000000000000000010
011111011010101101000011001011
100000100101010010111100110100
011111011010101101000011001011
101111101101010110100001100101
000000000000000000000000000000
000000000000000000000000000000
001111010001001011011011010101
101010100111101000100101101101
111011100111101111111111111111
101011100011100111111101001111
100011100011100011011001001011
100011111011111011111111001011
111110001111101101000101111100
111110101111111111100111111111
110110100000000011000110011100
111111100101110111100111111100
