5120
4444
5258
3162
6000
2847
5318
4786
2231
1091
2599
5536
855
2543
785
994
716
753
4757
1070
4217
4964
265
1447
1455
4368
1348
2599
3997
2560
4570
3236
5023
739
2662
3053
3429
120
4507
4303
2768
5566
2461
799
4421
4594
1704
947
536
2224
5919
1000
547
715
5809
1548
3886
5596
4370
3380
3506
1148
4445
639
3784
630
2854
5544
2771
5512
4279
1747
2594
4719
264
3701
539
5472
2340
5285
5741
5165
4465
5908
173
2608
30
561
4473
2219
4678
4710
2280
1179
1241
5033
1106
5225
5783
2143
104
1815
3880
2022
1621
5233
1396
912
4683
5522
4020
4604
1497
4113
5073
3939
5225
4500
2350
5384
862
2304
2403
5697
5444
3427
4752
1808
4032
5630
1437
1080
3197
924
785
2632
2663
2425
132
5379
5462
5405
5771
4491
1117
870
730
2305
860
5415
871
1324
2324
623
2771
1880
2157
2219
4196
5972
3104
1195
2063
2126
2220
4631
1716
1467
1723
1136
1426
4597
1921
1473
4623
4636
149
2538
3839
4528
381
5000
1319
2674
721
4916
216
1796
2146
1496
4581
2803
4681
654
3753
1374
3539
3583
2084
5862
5847
188
2024
4306
2514
2781
3897
4602
175
4894
5619
1596
2325
1978
5414
4046
3766
1269
3420
2441
2990
4896
4291
3536
2967
3193
560
4299
4794
127
160
3241
5491
2779
5815
2295
4126
170
2017
4148
4477
5204
2772
1658
342
1585
61
1282
1473
4965
2334
3341
3006
2095
4702
5073
4558
2887
3825
5199
1356
3182
3673
1210
2697
1106
49
997
5822
5143
5183
1782
3382
482
3725
1144
81
807
5153
497
3317
3730
5546
5935
3606
299
4455
5151
4662
1225
5909
2171
1088
3294
3398
5204
5595
3554
1348
5669
3198
404
2423
1728
2035
309
14
4364
445
2344
2389
4602
5343
4654
716
3605
3194
433
1567
2875
3907
1725
538
2220
2882
1976
859
1641
4312
4364
226
2378
4835
5144
4566
2883
2096
3245
1680
901
3023
2696
4096
3777
3198
2310
2768
3809
1560
2197
2577
3448
971
3520
4152
2062
2471
4629
5626
5936
4270
371
2336
1410
5958
5118
4211
4624
841
4808
2985
3462
1815
3942
3485
2413
2447
3580
583
5395
5762
3135
4505
18
4152
470
1355
5514
4187
2960
953
3261
4363
1035
5927
1363
717
1402
3293
4005
923
4811
4312
4368
2011
4347
2282
2771
2634
489
3513
538
159
2887
2246
3190
1402
4652
2427
92
575
1612
571
715
3309
1356
-1
3131
5666
2225
602
4164
111
2581
922
3325
4401
3383
4281
5781
1850
5496
1823
5598
2924
3870
1910
5353
3269
4093
465
1901
5744
5420
2151
379
3512
5221
2667
630
434
-1
3556
2536
2232
4680
2108
1892
1072
364
2790
3571
1157
5162
2231
1658
930
2967
2471
3055
3219
3786
5315
3488
4828
1246
4320
5988
5227
2832
2389
1706
2759
561
5785
3289
2169
3800
2134
5923
5076
358
2926
781
4380
1882
3401
1181
1506
796
423
5211
2487
5773
5589
728
1060
172
4872
3870
3909
3103
179
3011
5982
3215
1875
5705
2763
5754
2103
4305
1391
1256
1576
504
4339
264
847
5274
3286
546
3447
3881
4335
660
2518
4052
1524
4749
4786
1492
500
1764
28
3942
3685
287
3155
4484
677
2361
628
4201
3062
3327
1983
1200
4008
4271
3488
5158
2004
5792
3962
1503
2464
2245
3975
4627
1558
1183
-1
5958
4516
554
2777
4962
2997
352
3785
3269
2229
134
661
5245
641
1460
660
5016
834
3786
5620
1388
924
5128
1402
3203
5292
1746
2811
2351
2269
3818
3785
732
2697
5144
1106
5687
2354
811
2607
1034
4811
993
3428
431
3063
2451
5578
2120
3539
1441
2629
790
4762
2678
5866
4277
3690
2680
4630
5099
5080
5123
4385
3533
4885
3979
1290
3404
3149
3885
940
121
2885
4737
3306
1236
2141
5053
5855
2653
4213
5347
2906
3653
3997
5006
376
3844
3386
3137
706
4615
2811
5796
3643
915
2374
4998
5572
2111
5158
972
1393
388
5151
1080
1220
1725
1429
2125
3238
5311
3607
1244
4517
1706
314
625
1858
749
3154
5876
3541
311
376
2862
3312
5090
4276
4898
5567
1757
1676
4943
5123
3537
3842
2722
2385
4517
4825
3942
5489
2331
1891
5641
3604
3943
4630
3869
3816
3658
1856
2518
3517
3083
2741
5950
5032
2541
3531
5770
1848
278
4319
2485
3853
2829
682
5739
2885
5749
5590
821
2779
5668
1664
4380
2698
1335
4032
5853
3501
401
1950
1623
5888
4798
3746
1170
5369
5324
4524
3454
5602
2162
1907
2774
5806
5826
5599
1369
706
3456
1117
3547
2972
5934
4690
3007
5472
4140
2815
1959
3657
2058
2067
105
3772
5534
2242
1413
1986
2596
3841
5063
3484
1190
1522
4530
4687
4196
531
3641
315
4440
4196
2414
2141
3755
2851
4938
708
3588
941
2540
5480
4528
5087
3275
2418
1872
2362
5388
4495
5527
4977
2898
4885
1325
3469
1011
5072
1797
3990
6
5109
3997
4461
3538
3751
73
5658
4628
1803
5525
5170
5151
3766
3193
5442
3697
1359
4598
5055
5646
1633
5492
3360
4182
5227
38
5623
2628
3605
4060
1255
2404
4133
4164
5869
739
3129
4223
2779
5394
4994
93
4620
1715
3368
3116
1356
2296
336
813
1770
14
3478
1071
3824
1117
2220
894
4274
357
2288
1812
5357
2943
2835
3170
2688
3728
2048
5572
4575
4790
1486
3599
743
1153
2070
5083
5548
124
5512
1549
3837
5102
456
1678
851
4316
5063
2870
2526
923
3682
4541
360
5640
4207
901
1875
1251
2730
2232
171
1139
5912
2460
1041
4938
5129
2233
1635
4205
1236
3218
5790
1488
1901
576
2518
3514
4829
4742
1669
5143
1340
2520
3072
264
1715
5513
2392
465
4068
2147
8
4591
4091
4478
2147
4762
1302
2093
2990
4431
3211
3054
4592
4778
3803
1180
387
745
2129
4142
5919
4765
3047
900
2141
3394
2674
4361
4110
3047
139
4982
2224
4190
4429
4054
275
2039
4933
3352
1800
3063
904
4665
923
4342
1058
5842
4058
3590
1236
2949
5186
4084
2026
2366
14
501
1395
4023
604
1289
3558
5770
1212
5285
3841
2185
1091
1652
2774
2113
4240
5698
4316
4192
172
4
1124
3540
4904
4669
4473
1060
4830
5756
5553
5787
1282
2706
5602
577
1852
106
3402
924
2349
4082
3104
905
3994
2819
5316
2451
727
3472
5848
5338
1866
2212
5258
3657
4527
2541
1913
3132
5559
2418
3680
2093
5786
68
2012
1350
5314
5745
1782
5329
4426
5171
4238
5840
1411
2631
4561
4170
1537
5681
5395
4825
3348
4624
5299
85
1251
5346
641
4333
465
3286
3180
2937
3934
2745
1886
3294
4429
4576
3962
3033
2274
2101
5167
1777
3785
356
2971
27
2311
968
2495
4441
714
1014
3242
5230
2967
2382
3933
1956
27
5472
3953
3656
312
4461
515
3519
1006
3779
5540
4092
3132
4256
3198
3774
5242
4463
2586
3273
4611
3971
2537
3511
3187
1768
716
5160
3262
5031
3054
1323
1999
2664
4316
4948
2753
2648
365
3002
3226
342
467
1818
3954
4875
131
889
2974
3338
2168
1738
4129
2573
4528
1420
493
4402
4540
1976
1139
360
4951
2280
389
3400
793
1508
3833
3558
4900
1996
366
3002
839
5657
5430
2037
818
5955
4338
2444
4644
47
3182
1442
3961
1405
2882
1705
1352
5307
2826
2013
1439
4380
1117
471
1463
4518
2887
3986
176
777
950
4855
2031
2718
815
381
3813
5421
1823
644
295
2145
5331
892
1512
5496
524
1456
126
4773
4903
3931
24
2162
1644
2531
5749
2821
1544
5678
2167
987
4824
4028
2749
503
3907
1342
1259
2992
4006
4415
4397
1260
4506
1510
5337
3638
777
4660
4472
5717
4494
1037
104
4511
797
5608
1852
72
4626
3113
817
3031
5635
708
1290
3486
5197
2990
5366
2388
4702
2811
3696
1940
972
2068
3404
2303
1447
2712
223
4045
4965
999
5117
4989
3726
1667
3220
1192
1534
4510
150
1124
1336
45
1970
1433
351
5135
5294
2621
4572
3203
1304
3081
3419
3046
3537
1203
3868
4429
1464
5675
5764
2813
2011
138
1120
630
5397
2955
3775
3105
5144
1805
1465
5515
1401
1303
3886
3295
3504
2538
5627
374
4035
3242
5102
2475
5167
2438
5796
2388
1772
128
4200
5836
1605
2847
956
3949
4618
5079
573
3725
3529
4256
280
2697
935
1192
4434
2736
106
127
1791
4304
2374
2773
3256
1339
4933
823
2849
3706
3821
2690
3024
4915
5099
1748
423
3114
3269
1174
2507
5022
884
2771
2985
5333
3468
3997
571
2785
607
1446
5997
1994
1937
306
1333
4872
834
3931
4737
2916
4744
408
5167
4274
727
5021
2713
4903
3744
4685
5620
1610
3344
3007
44
4009
5830
4564
2255
176
2607
5760
1190
2271
5767
4731
18
4365
3282
5443
1144
1371
4439
3091
4355
5908
1679
5342
2574
4819
2967
254
4637
4012
4699
2832
3350
153
924
348
3934
5410
1968
3040
416
4227
1825
5315
3541
3148
1648
5800
3973
84
1436
2552
209
5935
3671
289
4768
5572
3155
1086
5806
3019
1183
3997
5184
3785
2059
369
3764
1550
4093
2588
4819
4962
1456
1601
5949
3512
563
1640
2494
2936
2525
2033
1998
2253
2981
838
2634
3867
1171
3459
3486
3676
1646
735
4792
3452
3282
310
2014
3359
5668
992
5687
1763
2398
2216
2973
3424
4731
392
2083
2926
1418
4431
5031
752
3538
3674
836
4301
781
1346
5777
1692
365
5906
496
1873
518
-1
5744
3690
3446
3536
2443
4465
5634
4666
1045
1165
1799
3971
527
4082
2130
4078
1359
2198
2950
1601
2349
1942
3068
577
4842
2718
-1
762
5776
3430
548
3341
5834
1459
1288
5852
3525
3167
1802
4811
4695
4375
4538
5515
594
3000
1824
4133
3042
2972
3220
1546
5074
4523
988
4301
2845
3129
4120
5959
508
589
5272
732
4047
421
4246
1615
5292
1438
630
5925
2164
2641
2926
790
1459
5478
31
4660
5003
50
1214
5800
5778
4964
3502
5033
1829
20
520
5147
537
2642
4970
448
4843
107
5653
2415
2152
4226
2145
4364
1677
5636
526
592
2616
4568
1964
3560
116
3876
100
4191
613
5541
142
5302
1056
4191
5809
897
2477
2272
3678
5796
3336
440
3047
107
3609
1565
3020
3821
4845
5699
5134
4941
5421
1162
401
2304
272
1014
-1
4815
207
4592
429
442
3411
935
1258
4205
5613
817
3045
155
6
4542
5667
1334
2579
4775
3056
5756
5866
2039
249
5294
2313
3764
2906
1251
5144
561
1690
4073
2443
3897
5538
1572
561
3340
3918
4815
1770
891
4422
2524
1018
2242
2238
3125
1580
3083
5187
2655
2022
766
5619
5351
981
4875
3386
3402
977
-1
1265
142
2595
4445
3519
5790
3980
1621
3906
3419
3999
1521
962
2957
5237
3728
5144
3345
4361
4182
1999
4917
1104
2665
4455
4417
5286
4660
2606
4560
4883
5155
4757
3073
3083
5661
1316
409
712
2636
5546
515
2692
4024
2634
4375
5272
2766
3821
2956
27
688
4404
4357
2254
5531
4258
3194
3263
4304
833
4118
589
255
274
1840
1940
2754
2721
1014
4858
5998
1493
5495
5640
1111
3525
5008
5680
3361
1483
4855
3657
1401
728
5278
5283
1852
2189
2488
2413
737
4367
4429
106
42
5385
5602
3954
5518
4414
4820
5325
5511
3717
2512
541
386
3920
2531
2613
5517
2392
889
3061
1105
3725
314
5339
1469
2159
5293
816
5335
317
2092
1801
337
4602
4058
2961
1907
1840
3504
1545
1232
2311
4639
1166
5593
3556
4208
3641
1010
3317
5771
5533
5906
3163
3884
2759
4066
3804
1213
5433
1821
898
1398
5514
1515
4235
5533
619
2406
4629
4020
588
5661
5477
145
3614
205
655
2686
4086
4819
150
4842
5572
4662
640
5953
1866
4124
2019
5180
5675
5251
1649
1359
4840
5840
3555
188
224
3939
5749
1366
5865
5552
2871
5662
5376
4092
2254
2369
2899
2843
3533
1616
5910
3267
2515
5663
4552
1076
1429
4199
170
31
3594
4266
5281
452
698
3761
2113
4094
4763
3294
5835
5493
4477
5527
175
562
2427
5987
4219
2746
3615
749
1671
5414
1838
4578
1217
1570
2690
309
29
511
31
4706
3876
1967
3785
5417
4950
4321
5956
2585
3185
3761
1060
4345
5962
3045
4807
5169
5602
1093
4437
3175
164
2130
2020
3324
4738
3611
5606
2829
345
3187
5353
4726
820
-1
1169
4355
4436
139
4290
1230
901
5536
5212
175
3806
8
2349
2926
644
2768
5167
2859
1598
4376
5502
703
4640
5721
3998
1962
4098
1796
4417
3357
2161
2929
4607
407
1408
3984
1334
1906
569
3573
2326
5513
4733
1501
4971
1301
4914
79
1035
4201
5265
336
4176
2965
-1
5261
3033
5588
2644
4316
4200
1670
3117
1387
2349
2253
5627
3262
333
2653
4614
3797
5949
365
3679
4407
1960
5391
837
2427
3724
5634
4098
5685
5769
1150
4829
1802
5333
5520
800
2320
5505
423
3329
3939
989
3558
5455
3499
4414
4324
622
2292
5149
38
2324
4382
5862
2251
2494
1209
5018
1676
542
2855
2930
963
2908
3840
3233
129
5044
1472
4112
200
2658
5091
954
3325
3635
3856
1242
689
2238
5255
4265
5776
2420
3870
2804
5768
5653
1654
109
682
1000
2417
4083
1110
1080
3408
4891
214
2531
1850
3348
514
3573
1631
5769
2205
3656
5196
1091
3068
1131
5103
1211
3954
4463
5848
1119
1468
1340
2011
2161
5416
2251
379
1995
153
2800
4744
5692
3773
4624
3084
4031
234
956
1315
3477
1355
3616
499
1893
5086
2177
107
3835
2632
1765
311
550
720
2773
497
3458
5064
296
1008
5126
5691
2905
4678
2114
1473
901
1606
1530
3073
934
4396
2006
2650
1870
1119
2723
5038
5281
4337
2201
2204
2730
2721
2616
4665
4482
4956
5602
2331
4439
1265
610
3730
2826
1976
2822
5368
2971
3957
3181
5064
3401
3539
1566
2857
5698
5846
1165
14
2406
3245
1782
5172
2620
3257
950
5718
3263
4277
851
3967
994
2847
203
2694
3886
1115
1724
1845
3178
5430
3562
3466
3924
5579
1949
3256
1461
1418
2133
2531
2349
5397
3131
1385
1334
3937
125
328
2651
509
1995
1630
3715
5948
116
4908
1259
1154
3897
820
1605
5953
3009
2254
4687
2494
4641
626
2195
562
1553
1996
4996
2874
1842
1508
5851
1054
646
2633
2911
1017
3571
1558
3295
5368
4445
441
422
4506
5147
1090
3387
2917
2909
4690
4039
4426
4662
5694
1362
886
4415
1044
4173
5671
3313
3905
1764
5662
1181
1407
5702
3204
4483
5804
3369
5356
2867
3329
2120
2511
3194
3485
655
1465
2990
5318
1596
337
1599
3298
553
2499
342
4216
1274
5368
167
317
4231
2819
1520
355
1932
4596
376
5304
3113
4815
4264
5008
5990
2090
4916
1076
1527
841
307
4308
937
4626
2857
1766
5660
4549
1277
4871
5351
4158
1433
1035
5446
445
5158
809
4388
3541
851
3215
5532
5661
2565
73
1965
3220
4429
2139
5408
154
6000
4384
2076
760
3290
1259
2748
1385
5804
422
285
1631
4264
665
2668
4402
1455
5679
4203
5742
4795
1394
3053
5981
5977
4148
1286
5102
1666
5925
3118
3527
1003
3341
3837
5420
5716
2966
3761
2910
3189
1531
4300
645
2613
3559
441
1582
1251
206
1365
849
3630
784
2704
5165
4436
39
2092
5606
2632
2069
2072
5102
56
1372
3089
4392
5210
5304
676
2016
5417
4280
33
2682
5231
3088
1251
5330
1512
5335
124
2997
756
5841
3119
2521
1455
1041
4903
3247
5586
5540
5588
506
2881
5024
31
2370
935
89
4260
2930
3354
5967
2740
5619
1921
-1
3263
373
4647
4197
61
274
5588
4184
832
5975
2148
5588
4477
3653
210
963
3237
3386
3736
1891
608
787
5462
4933
2928
3832
4647
904
3505
5163
1192
4108
3029
2574
373
5840
4945
617
2031
5849
1031
878
4943
1170
4682
5601
4026
3764
3330
404
2096
575
3733
1115
5963
4612
2166
2062
2096
821
4313
2295
418
3913
3728
4992
2065
3525
4103
3982
2179
999
1356
5979
2869
1200
4988
1512
5027
4749
3980
1454
990
498
4818
2700
4088
3580
86
4162
1735
532
726
5277
1075
2209
60
1313
1820
4915
5580
1074
2884
2042
5969
5177
2026
4239
2731
4186
1706
5429
5200
4509
886
3923
657
551
4157
1889
5516
2990
4050
1002
584
4542
3203
2085
61
3526
4286
664
4094
3582
4480
2068
1462
3649
2254
2963
2275
5140
3425
5157
4830
3994
2460
750
4570
244
1658
2434
5625
64
631
281
2224
1324
3895
2973
183
2028
139
1983
205
2429
4461
4051
234
5702
5933
126
4697
311
1488
5643
1562
1875
2144
274
491
5338
2424
4286
1417
3543
2717
3833
4160
3001
2100
5960
3360
1133
563
4396
5129
471
2535
2524
5315
5073
5013
1519
5922
3045
5325
3549
417
451
2741
5048
3726
2353
229
5574
43
5375
4277
5398
1172
86
507
3258
789
3187
2431
4484
1634
3753
683
3905
1045
1923
48
5995
2520
263
2869
4683
3256
5489
3631
1137
3408
805
4300
186
2747
882
4764
68
2824
2790
5756
2539
1456
2772
3941
8
5700
2198
4010
877
3670
1609
734
1120
4021
3745
275
5500
3687
416
5448
1514
994
5998
2474
2079
4004
2388
2276
309
255
1719
106
2175
3681
2339
4789
5515
1923
2136
131
3090
534
4196
1232
734
1524
5985
5912
5592
4634
4828
869
1699
4142
448
1800
892
868
3482
3201
2821
3697
841
3423
78
1045
1417
4900
4488
2091
3866
225
1476
1687
4437
2229
5578
264
30
1748
853
1342
2849
2519
2480
1667
4725
5441
4566
4323
3934
3766
2298
3330
2374
3170
2008
3171
3628
635
1629
3527
2293
1601
4364
5437
272
3889
86
4957
878
2741
2130
5546
2674
2504
5998
505
4835
5350
5549
435
1154
381
5155
682
5880
623
3176
4909
698
1669
2550
4365
294
2757
2782
1438
4808
5239
1287
5341
2752
5046
3482
2635
5451
435
1878
2095
5403
1706
336
3157
3577
3250
3543
2686
3408
2227
122
3577
3914
172
1770
1075
1588
2288
784
3906
719
4827
2943
61
1518
3589
3622
3959
1661
5512
542
2513
4702
3148
5728
2130
1396
2806
-1
2146
4602
2862
269
551
1488
3055
2593
2405
5542
4496
3635
5394
1945
5384
4891
4390
1631
1958
5021
5540
4805
3965
825
3372
3786
225
5214
2811
4829
4666
552
5933
1932
3699
153
3974
5641
3040
2638
2035
3750
3101
4108
5274
34
4484
2838
1607
2306
5145
3135
2172
328
1940
3999
2691
2070
2518
2301
3914
3484
1967
4285
5254
504
2037
3372
5671
153
2617
54
2774
1818
3851
5411
1453
4274
742
4836
2107
2888
5248
1707
714
3495
260
3329
5145
160
3955
4599
4355
2471
4302
179
1749
4962
2320
4332
839
2950
5430
3865
3651
3104
4950
2346
4909
5889
58
1497
3503
5721
2136
4375
3379
1497
1181
4464
5313
421
4322
4496
3862
3141
2030
2618
4875
4527
3538
5523
2493
4210
4485
2727
890
2880
2365
4249
485
1672
420
2520
3577
468
4894
5366
4433
121
4217
403
2762
2500
1922
3949
5102
1198
4763
739
5798
2837
4641
709
4553
3097
2346
5003
2330
4426
1128
3814
5908
5237
2961
3843
3638
5588
2857
5248
3920
1566
3838
1996
2332
5249
173
3850
929
4775
664
4326
2183
4457
4737
2281
4323
3512
4842
2757
3641
5756
4061
72
5728
1597
3076
1490
2
2943
3715
3761
2012
4487
1512
2972
2617
2916
4811
2569
902
5922
2024
1115
3720
2518
570
3437
5011
3183
2529
124
351
3949
1506
4314
1401
2622
2401
3784
2916
-1
155
661
4780
4700
4776
4141
1596
3350
2310
4047
206
4201
2860
5041
746
988
5545
847
2436
3109
181
3977
4732
2647
4631
3896
404
5255
3942
5269
599
2377
1512
1258
913
5583
116
2174
3497
3264
266
3383
1771
5276
3541
5384
1597
631
3626
3371
3119
3373
4592
5187
3040
761
3152
2405
4443
749
3863
4023
3255
4782
4652
3081
4830
2827
621
5168
3004
474
2347
579
5742
1878
4555
5568
4540
571
1209
2574
5208
1137
5777
3801
2486
2776
4864
4093
2026
1225
2781
3312
2773
4578
229
5900
3090
1202
3571
1821
2623
300
4507
5462
5935
2202
4782
2557
3380
5878
5052
869
624
2132
1546
196
2058
3121
3197
4145
4765
605
159
205
3926
494
428
1037
5123
2352
5831
1379
1508
5868
3971
1359
515
360
449
4604
5261
2371
4414
4928
1037
1808
2046
1425
1570
5696
45
4286
1854
4928
3084
2068
5954
5416
1777
1403
3881
5449
2422
622
2691
5405
4275
2609
5213
2138
5446
1008
4238
3962
3352
2849
658
685
494
4755
5211
2328
1709
189
4005
1771
975
3995
4180
820
5178
5762
4791
1005
3832
1704
4382
3241
4117
4643
4278
3141
3628
1374
5977
526
2790
4617
5635
1012
4719
459
1508
4347
2961
1344
2331
1101
5201
1878
721
4804
3055
4646
1078
2295
4782
4355
2449
759
2698
2423
5936
677
5869
330
5561
5229
3065
3537
3684
5435
1533
4059
2637
1813
2004
1579
4852
100
5172
472
5231
5441
-1
2749
3638
4559
5822
3965
302
1104
3111
1281
4375
3805
1088
2314
5540
5429
1566
5792
4301
4398
5763
1709
3650
2055
4332
402
3083
2424
1831
5589
4978
3889
1042
244
1195
1248
1679
2640
5142
4040
5370
4274
2102
2262
5316
1368
923
4764
2199
2346
4318
3355
3960
2093
2387
587
1072
4298
1370
575
5197
4567
90
945
1204
5110
3240
4847
3395
1514
2186
2662
3372
4599
5105
3382
3855
722
2386
3699
2049
1211
2116
4827
168
4706
3485
5588
1594
5422
5890
5738
2770
4339
1167
300
498
3169
1106
48
5794
1641
715
2159
929
5570
2560
2483
4949
3980
5218
4533
924
2805
742
5477
486
1854
2322
5685
3650
2784
456
4517
1902
2436
1399
4719
5661
3045
4738
2871
4738
616
5120
73
289
629
2644
656
238
4599
2299
5102
3317
4979
2542
4725
192
1716
5364
3078
4979
4003
4187
185
5879
2400
2271
105
1343
150
781
868
5985
840
1460
5928
4081
5441
2709
4437
604
5785
4407
2448
3881
1058
2422
5574
3975
5152
3313
4612
1663
683
4706
3333
5568
2470
5345
5725
3083
2324
3306
47
2002
2303
3750
1805
1748
1870
1092
662
5568
3596
3523
5012
3004
257
4829
1437
3218
1141
2678
2204
4486
3091
1751
640
5478
2676
2169
4755
5215
2968
5624
2721
3725
4781
971
3573
3276
4866
175
5958
3372
4419
4314
4482
623
5381
960
1839
1706
3581
5313
1985
4610
1120
517
1962
5906
715
1549
1045
1666
5119
337
2632
2779
3757
1313
4046
4740
3414
1774
4798
4643
2550
5748
2174
1600
284
1957
3823
604
2130
5448
5003
624
5713
318
3864
621
906
3022
5135
1273
924
5255
1958
2219
4204
2176
746
2110
3614
374
5413
91
2839
3838
5767
3317
2322
1225
254
2781
3020
2294
2520
549
5131
5774
3290
5875
967
4459
3963
4783
2222
1486
1956
1815
2085
4925
1664
156
1982
4109
2810
5126
362
4304
5113
5745
2360
2292
1703
3816
4017
3518
5210
2680
5089
1502
1098
1903
1461
2785
5322
122
2113
4867
3438
1349
2971
2243
2444
1469
2730
3004
1591
5511
2182
3604
4038
5964
3809
4242
2282
1919
1071
3491
2917
2660
1070
3613
2221
2923
2740
354
2363
2176
5142
1918
3339
3
1742
1148
4630
49
5858
3822
4363
2094
2296
1445
4810
2887
5066
1192
3329
5386
629
977
2469
5533
4517
2905
3381
3607
5672
2479
245
3209
2183
949
5876
1785
4528
2345
1772
4639
1250
5450
5594
2233
624
4801
2662
901
1658
4663
3311
5721
2010
244
5961
1322
4242
902
4090
3808
3129
5302
1791
5812
100
1503
5484
3229
1746
3311
5225
1441
5184
2495
5562
2171
4294
1568
2053
222
5420
4465
517
28
4355
1265
3209
633
2220
3284
3698
2400
1785
4738
2556
3777
4788
3499
4362
5505
3411
307
4893
5459
1440
811
3651
5875
467
5676
3556
1643
2245
895
2773
1825
1315
4974
251
4133
5731
855
3447
1002
1642
2411
2740
585
2971
4231
1180
3434
2569
2950
360
2694
4929
4641
4326
3113
3224
4357
3649
4788
197
5687
5574
1501
3985
4431
1605
1385
3829
226
3130
4817
2746
4013
2905
2602
4277
19
4512
2232
738
2121
3445
3347
2902
5105
328
988
2444
3673
3162
1781
2629
3830
5740
4426
2035
913
323
4426
3952
3237
392
2419
1784
3954
4990
2319
4361
434
1894
1894
5089
4854
2162
4623
4418
2287
2443
2990
5680
2225
560
2329
950
2582
2634
5199
848
2267
4415
8
1922
4599
617
4238
1309
436
3997
5794
4517
1726
2382
4541
4901
385
1450
3725
1341
4830
3130
2386
5324
2280
4197
5976
4160
2006
3270
1506
4277
139
1829
4060
2452
1002
2141
5807
2465
4798
5416
3573
4040
1804
1246
3033
5663
5091
4129
5390
4835
4756
3397
4533
345
4822
171
4960
3289
106
3194
5299
5517
4355
539
64
560
2036
5110
3302
5225
2556
2915
2566
2633
5146
3135
3373
1269
1521
3517
756
5370
4347
2266
5121
2815
5856
3331
3157
119
4763
1190
506
2193
5445
2356
2190
3053
3044
4662
4778
3505
5409
2060
3949
5176
1830
5614
3731
1059
1709
310
4076
4268
2847
3163
1669
4623
984
1463
3298
1686
1236
5138
2121
3394
1975
3556
2459
1531
432
1632
5709
5565
1888
669
4131
47
2055
65
3841
4585
2510
992
4482
3282
4024
-1
3460
999
5647
5302
4321
331
2747
383
2174
1235
5042
1258
5575
5592
3475
2818
1627
1491
5110
161
3211
1283
264
1479
5822
4662
3114
628
2735
188
4418
1321
5493
4738
1769
1805
5587
3019
3980
100
4879
2322
1559
4752
4127
5671
14
2036
5302
5038
857
5898
3850
1689
4320
881
2175
2811
1652
770
3171
682
4887
647
3055
717
1831
75
4243
5258
5827
1288
3955
4498
2540
1588
2137
5441
756
3642
2125
1349
1070
21
1319
1141
2880
5603
2210
2456
1861
1565
4094
5547
4785
1171
3768
944
720
997
4567
5512
2227
1440
5807
2329
3312
3894
3485
423
3513
2225
2008
783
4264
1545
4312
4613
5574
4598
3212
3362
1770
131
1658
5303
5341
4459
1176
448
3700
3921
5416
4442
4879
337
1201
4205
3198
2146
4815
4523
5025
5495
4435
4951
4730
4158
5580
4237
5013
362
1684
4185
3779
4274
2236
2288
3740
946
3201
900
2251
4050
2394
1658
3131
1385
5321
5140
1405
756
4463
2847
474
3576
1021
760
691
5842
1576
1514
3373
4795
2029
5539
4258
4484
1791
470
641
2767
5183
4160
538
790
2444
2552
4614
3896
3577
3633
4549
5410
4721
2044
3191
3880
3217
196
5105
5079
4637
2606
83
3533
2703
5681
3373
3943
229
3249
5898
5769
1740
2748
2132
5939
919
5659
4720
5865
868
1720
3682
2042
1986
598
5901
5562
1949
4570
3789
4121
5529
1838
5923
2662
2746
1573
5981
4990
3181
3975
4471
4061
64
4491
2190
4418
403
339
5466
222
3809
1884
3436
3236
5936
2384
1131
3396
1953
2807
1829
2329
775
1880
2301
2151
4844
5373
-1
4484
5773
5299
436
4867
3969
1388
3420
302
805
2675
4678
1018
3141
5584
25
4909
2718
2497
2915
4219
5338
2684
1293
2983
2733
515
244
3552
149
1400
2859
727
3342
3952
1457
376
3148
4429
486
2046
2903
225
3662
5982
3654
4121
3836
3954
635
4950
1497
5338
1212
4845
3672
3930
2614
3645
1269
942
4898
61
5043
965
5171
3502
27
300
1751
3792
3482
4286
3140
394
3460
176
437
2861
1476
2957
817
5092
1907
2848
4112
2662
3732
3383
4222
3105
4515
5387
5052
2655
704
4617
4197
4410
5418
2320
1277
2416
2556
1400
5520
820
934
594
3921
101
4806
4903
2155
1965
5540
4125
1165
578
37
3065
462
4120
3878
4422
5458
4137
1566
2145
4881
224
4665
148
4162
5662
27
365
4388
3639
1758
4639
1041
1121
2680
1072
5411
2
2479
2524
753
2918
5658
3147
47
5218
1171
5257
2628
3794
5980
5130
5404
3122
3912
1201
656
2227
4363
2060
92
1570
4831
2711
3520
1401
13
1875
603
862
2442
5665
2674
5390
5847
4656
1294
2606
2887
3250
3022
204
596
1978
1369
1452
3620
3216
1473
804
5184
1724
1212
4982
5192
214
3198
2794
403
4432
1524
1630
5092
5750
3200
1699
3030
5492
5482
5177
3010
1665
1215
2283
4944
3992
1878
2176
5329
4549
1186
5045
3551
4645
5205
4926
2361
3992
5750
3218
2424
3611
5549
3298
660
1045
4445
5121
3842
3151
2933
4637
5391
1644
5521
3281
5988
1918
4992
1358
2909
883
5263
1647
5351
2621
996
2716
5168
1303
3979
4419
988
4421
3466
666
2679
4246
2142
436
607
5227
249
5556
663
5108
1215
-1
817
1619
4054
351
5741
2642
1956
5724
2209
254
5351
4184
3304
1781
1980
2328
592
2535
3408
1459
4456
5204
3134
5595
4402
2167
516
4238
2223
3987
944
279
3164
5702
2170
2106
5642
626
224
1122
1440
1102
1588
2491
5675
127
4105
4112
3637
2860
1504
4302
5876
1619
4144
5787
4778
620
2869
3573
3461
1107
4182
452
196
3560
899
1052
5519
1870
2945
5478
3882
3089
516
4271
758
3396
745
5002
1437
356
1907
4160
4920
3177
538
1070
576
828
1167
4999
3931
426
3611
929
4032
3841
5234
2815
2304
4511
5695
1511
4159
5044
364
2570
3788
5806
1740
1798
4016
795
833
3404
1441
5785
4793
4291
4397
3333
2086
498
4450
4612
662
4384
2286
1966
461
5587
2228
4452
4788
4830
5519
1804
2576
4712
3031
4294
4753
3906
669
5806
3234
4732
5910
4884
5104
239
86
982
3898
736
4139
1385
4249
3419
1649
483
3925
2961
5033
1679
2873
4032
3962
4108
2024
1219
4220
5184
1479
4172
2899
3162
457
3345
3838
5941
5770
771
2314
655
1486
1280
1074
5031
3717
2735
1930
552
4555
371
619
1880
1634
1999
982
5014
824
1344
5668
2414
2583
1603
3116
591
374
3348
5952
5133
4594
2869
1889
2288
2446
3119
3040
3046
2065
2524
593
3468
2565
5699
1303
2435
5599
904
2710
229
5485
1616
5613
4960
-1
2851
3073
4427
1200
2634
3064
889
3606
2926
4233
5269
4475
5822
2701
1137
4067
2556
2331
5539
1844
580
5582
1993
542
1236
985
1622
5916
2145
821
5847
4325
2435
5742
586
1820
1130
676
3118
5848
5857
1071
3386
5057
4448
745
5063
5607
4734
81
2841
471
3016
440
2561
48
4347
3089
1902
5827
507
3019
999
1229
91
2068
5784
5235
3909
3743
2132
234
1922
1954
2088
441
32
3306
5874
2132
518
3145
1209
1700
5399
2645
3906
2926
511
2697
5649
2722
4979
3184
3070
688
1771
670
4055
5184
5437
1255
5164
2065
3369
2674
4872
4093
903
5475
4964
972
965
3896
1347
814
5740
5579
5189
4205
5177
2113
2223
2862
5252
3089
385
2835
3752
1570
19
4078
4610
456
1089
3127
5538
1563
2680
623
5621
5005
5582
343
3854
4925
2148
216
1577
3642
3418
2198
864
5855
2991
4121
5246
2083
4134
619
982
2725
5118
2626
4368
1620
293
2132
112
3233
5458
114
860
716
5835
1189
4040
4857
1009
5519
539
863
5327
5573
2886
3295
1778
1139
3234
420
4916
5083
161
870
2819
5548
4219
857
2708
1060
299
3985
3194
2950
2032
2510
1009
460
1901
140
5172
3421
1319
3383
5846
3052
3289
4952
1183
985
5344
2572
4183
4588
2133
4017
640
4792
5834
5574
2431
993
1526
1637
4
3536
2326
4312
587
5589
3253
5763
1237
1515
4267
4160
3318
2396
5079
2311
4885
1440
3665
1291
816
2386
4585
1041
3751
5365
3418
2386
1464
2721
5292
5395
1824
4534
4125
5851
635
1894
4206
3175
3224
5650
2096
1019
1838
4067
799
1209
3573
1626
4335
2288
1597
589
3342
5628
4161
4044
4918
1367
1700
422
2808
5819
1392
3889
3484
2158
5742
4091
5548
376
700
3073
1333
832
1092
4718
2942
4439
2003
2379
4518
5536
2862
5025
1475
5804
3482
1699
5036
4020
2536
3502
3800
5406
4274
1925
2755
5753
98
5394
980
1707
965
4332
954
5408
175
1254
2463
621
2085
3628
3248
484
3614
2436
3027
545
4411
1445
1039
3395
741
4800
3187
4088
3583
2983
2238
2316
3660
252
14
5633
3365
3942
5552
2265
4620
32
3817
5788
1773
3342
2084
343
4835
4964
5727
1111
5218
1054
113
3612
1934
2310
851
5895
714
1578
4145
512
3289
1508
2044
240
5063
917
1854
3951
5623
5306
5214
505
5335
3458
2906
5901
4804
4918
3234
2864
330
5869
710
1359
5933
239
3737
1228
2214
5187
598
4414
1592
93
2016
2862
89
4516
5694
1097
3686
3547
755
1244
4158
646
2558
5199
5170
1740
1253
3060
3426
1621
979
1800
4418
814
5584
3087
5975
3541
1348
4187
739
4312
4705
1029
432
389
3740
2600
5423
1350
1107
4632
5472
3193
3175
5004
2393
2483
2492
4278
3234
3293
884
2581
4139
1498
4344
3575
373
3651
1054
3175
5078
4191
2536
3731
4908
4058
2049
2430
5319
1639
1425
5699
1187
127
4690
2042
3500
5680
4484
5190
2965
620
2164
3584
1252
386
2235
3848
4056
4375
5260
78
5497
3053
5347
293
-1
1931
825
1879
5746
229
1909
1587
2338
5745
5047
2083
4925
294
2487
5940
2776
4151
2480
5822
3323
5104
3826
209
1904
50
1323
1348
187
2975
5169
21
4657
5228
2492
4408
2418
979
359
4511
1089
5744
2651
2288
4204
4347
3056
1414
3592
1669
4308
2011
4160
2434
217
4472
3505
1315
4044
4502
385
3242
21
3791
5779
5302
5961
4484
5386
5005
3539
1180
4091
2849
999
3735
4990
3436
5694
5555
4887
288
2155
2952
2786
3495
5407
4717
3542
722
2795
73
5408
1002
4139
5893
5437
998
5055
999
4349
222
2650
4156
2538
375
5501
345
3584
564
5227
591
1737
5330
1633
895
5678
4385
3396
2509
797
5368
5087
2292
4892
5231
2873
597
5685
2463
3330
3383
526
394
4845
1119
5208
2266
4347
5555
4559
3077
4541
4005
3210
3282
2748
3492
429
2951
5579
3780
857
4962
4744
2246
2044
2146
2430
2237
4599
5811
4233
1498
127
683
2524
1821
4592
4372
5043
418
5855
1380
28
4212
807
3427
3728
1011
3035
670
5015
1045
5681
3369
4473
3944
305
1252
2860
246
3929
2089
3374
5662
1712
3791
2935
2311
1024
1908
89
1764
4870
2745
5205
5705
1911
4826
957
854
3782
1091
5865
4286
1765
2757
4467
2960
3046
5463
2306
678
1942
17
3420
5279
3398
1824
4646
2666
1029
4411
4689
2829
2647
5365
379
4912
828
1879
1730
4858
4370
2942
5121
5189
4201
953
5787
4934
2330
5314
4987
4942
37
979
3046
1331
5019
3604
4962
2549
5249
3659
2775
4494
2464
1469
4119
4732
2604
5071
5831
2498
2884
433
4293
3479
3951
5386
105
4841
1161
5836
1805
1661
4203
4050
3580
2203
3467
2746
3945
