19
52
31
20
5
100
37
39
12
37
144
7
62
33
5
222
151
438
41
103
179
90
18
5
3
57
104
52
73
96
96
48
75
29
135
36
10
41
71
52
244
119
98
169
169
77
11
2
1
87
96
77
107
14
12
46
55
33
243
220
136
22
33
20
189
156
26
173
121
212
128
296
57
96
11
62
134
34
8
49
54
72
38
99
16
26
86
68
82
75
58
120
0
256
0
35
161
32
40
82
120
28
118
54
67
33
44
186
28
27
44
92
403
32
167
31
42
94
25
41
108
126
216
116
49
282
11
38
33
177
36
57
87
23
81
56
126
25
94
196
62
142
17
120
15
38
146
103
22
5
343
8
120
82
188
12
12
6
122
121
14
47
206
6
143
79
27
201
170
205
16
24
186
13
35
17
39
4
3
24
249
180
93
101
17
614
76
0
51
142
48
173
125
22
2
11
225
111
51
259
144
201
24
13
50
45
12
59
10
78
2
26
119
278
61
92
1
33
106
340
181
18
6
8
231
3
32
8
69
26
15
110
145
23
8
20
23
142
10
78
81
27
30
11
7
64
36
21
29
195
3
11
7
92
47
49
91
132
103
26
32
30
20
162
17
13
198
46
328
31
146
150
24
86
291
68
179
135
33
158
44
25
82
79
50
7
29
205
20
333
181
75
62
12
1
35
20
98
65
200
53
185
10
199
65
80
29
63
1
49
35
26
42
59
105
380
223
176
21
90
28
72
15
54
52
6
30
45
72
2
6
192
41
164
37
185
100
21
204
40
151
131
66
156
24
85
116
116
147
15
40
19
31
30
64
80
88
30
147
20
4
8
81
35
223
5
14
108
191
88
36
46
61
56
31
37
120
96
7
19
41
43
288
48
44
13
155
21
24
31
298
111
387
13
340
19
106
4
109
43
143
186
87
140
64
9
17
219
104
83
29
58
152
12
13
169
32
4
47
321
187
49
104
74
103
159
86
23
32
57
81
33
19
10
41
24
8
5
68
98
9
171
25
133
83
194
59
84
11
21
84
11
33
118
3
27
15
81
26
59
42
93
175
97
15
43
24
75
86
112
95
172
3
13
24
75
73
134
385
52
29
29
131
0
17
10
23
65
20
38
47
38
30
21
144
46
11
69
17
3
57
64
88
40
26
128
87
126
21
67
94
497
271
28
58
15
22
65
255
77
101
8
156
45
26
122
187
267
122
428
7
45
65
68
254
87
129
21
30
17
0
38
62
181
83
137
14
274
133
93
122
33
114
94
89
114
50
15
120
69
15
151
93
65
71
34
163
47
75
134
5
220
1
210
58
57
105
6
180
88
71
8
3
12
9
47
242
75
51
219
32
4
212
68
6
31
62
337
85
88
4
133
11
208
45
43
3
332
59
32
199
54
13
58
87
22
52
159
4
69
189
75
44
75
110
259
37
40
52
44
109
12
43
60
39
278
59
202
55
35
52
143
116
6
22
15
356
195
215
2
125
179
205
203
103
68
61
115
140
3
103
39
71
92
46
102
165
134
136
93
48
8
516
148
19
269
65
55
29
143
29
235
74
3
113
63
24
47
7
74
79
51
385
133
81
114
31
39
48
198
22
190
122
43
5
52
14
28
4
17
155
51
2
67
13
42
14
43
29
27
84
36
7
24
224
15
23
19
38
373
50
89
101
27
106
48
10
2
15
10
98
73
38
45
105
11
36
36
70
189
64
12
191
121
57
68
233
30
129
13
30
33
28
120
22
66
9
129
70
28
148
254
256
143
33
3
87
17
36
260
10
27
8
66
22
99
27
117
204
104
73
29
8
85
62
45
55
77
84
184
22
71
19
109
166
19
0
347
41
133
57
106
34
33
159
56
1
207
120
8
19
7
18
46
168
193
79
20
124
11
30
115
76
15
108
28
53
60
149
109
155
13
147
4
116
10
30
95
100
220
164
26
54
136
3
42
100
258
81
31
19
4
41
126
98
114
62
139
39
50
2
182
117
2
36
272
365
42
84
306
63
34
15
165
45
8
85
94
45
114
8
14
20
97
16
55
75
232
14
2
32
3
83
64
100
24
208
201
61
342
112
56
39
32
4
6
42
136
57
17
178
60
5
19
155
52
26
66
133
128
107
66
67
82
203
28
40
24
22
4
34
235
34
67
4
261
198
261
62
3
19
2
24
2
27
11
13
114
79
10
40
21
0
75
81
4
89
116
41
70
211
10
17
63
28
101
26
125
27
84
69
21
58
41
36
63
47
70
16
25
22
73
335
50
102
88
92
13
170
23
154
56
100
9
122
60
166
22
19
5
5
19
21
35
95
56
230
16
32
6
1
63
185
65
38
48
48
87
77
47
31
18
43
66
162
79
9
96
74
38
17
103
11
234
60
188
71
32
33
12
281
45
28
83
81
56
17
22
3
18
297
40
86
14
97
220
31
86
8
48
86
31
74
1
102
47
24
1
162
19
54
6
38
81
173
62
92
24
79
68
60
89
32
34
69
269
1
24
26
29
8
69
44
29
43
42
103
19
40
6
166
31
243
229
167
42
39
132
110
24
36
38
65
81
165
13
1
12
55
23
9
1
8
30
18
70
108
103
18
47
52
148
20
20
27
46
211
109
102
11
4
23
24
298
116
22
40
31
72
233
92
208
39
44
4
88
51
15
73
187
107
24
6
6
152
41
8
4
77
29
8
17
9
92
4
174
37
28
9
42
12
258
4
40
10
64
106
59
25
43
83
132
6
5
192
50
25
41
67
63
5
31
79
18
34
74
31
31
23
22
142
35
6
1
36
41
6
4
125
15
11
104
90
60
97
147
71
0
168
11
67
27
40
209
65
128
8
14
81
153
38
96
173
33
131
13
66
13
93
58
152
65
36
243
67
59
137
62
91
24
27
41
73
42
31
76
107
20
44
161
93
299
7
65
58
14
15
24
47
68
50
64
66
410
112
250
105
32
68
67
2
25
20
178
50
35
148
156
0
5
12
104
228
7
25
10
33
53
354
220
39
59
141
12
116
15
402
75
89
44
78
36
6
4
44
27
67
26
51
63
81
8
32
32
56
131
11
49
27
336
37
21
33
103
190
94
91
74
113
7
42
38
31
84
73
11
5
36
172
350
99
56
39
124
13
31
1
159
105
232
223
128
12
21
156
50
219
27
25
49
38
57
12
29
30
50
148
2
0
27
26
64
12
31
131
199
5
7
180
9
66
104
57
47
57
187
21
103
34
27
85
11
2
51
33
161
72
97
409
10
356
21
41
5
4
17
7
29
22
25
4
150
52
67
104
16
35
101
293
578
11
285
35
37
9
46
237
18
62
5
205
31
156
36
116
6
61
1
51
103
65
63
277
38
159
36
52
151
72
29
32
17
245
4
26
10
45
142
361
157
3
67
73
120
14
38
292
21
27
4
55
106
8
1
76
108
84
6
54
123
138
106
96
280
63
32
262
198
9
14
43
11
21
301
20
23
44
3
33
348
86
61
17
10
89
25
48
92
5
94
14
80
49
25
12
75
37
54
53
48
52
13
91
19
9
29
55
5
0
89
20
95
35
30
299
223
49
15
8
84
51
209
53
195
84
44
286
25
202
84
39
44
27
225
32
2
93
44
104
40
548
8
11
188
35
35
18
264
17
95
128
30
1
164
139
91
26
116
2
16
40
55
6
466
85
4
89
177
67
34
15
403
63
12
13
67
33
127
37
141
91
168
9
5
53
233
29
78
21
161
66
32
7
43
194
59
40
75
22
17
1
208
143
69
57
21
3
57
93
47
53
33
14
46
77
6
24
17
19
288
222
114
154
91
253
92
84
29
70
45
157
123
2
211
34
123
121
6
113
4
159
51
36
55
143
35
49
114
55
15
67
58
157
110
26
138
47
187
30
113
108
105
216
2
87
20
24
68
50
272
218
79
48
136
7
3
123
62
6
232
7
8
209
12
4
110
11
9
27
40
45
140
12
189
260
25
2
21
91
42
46
60
11
6
137
148
8
51
56
167
148
25
11
7
76
6
47
18
29
5
23
9
21
56
17
240
72
47
65
99
71
118
28
24
39
33
2
20
80
88
67
165
47
68
183
162
116
117
0
52
86
118
35
49
79
31
8
119
108
17
8
137
66
14
18
30
45
58
181
84
18
208
145
165
13
37
32
100
47
61
120
56
16
191
135
20
42
111
24
22
42
198
187
213
24
27
49
210
106
2
28
53
31
56
68
4
146
83
7
12
137
131
143
187
54
44
2
39
38
57
23
24
32
48
151
259
84
261
38
23
85
21
87
35
85
8
124
42
394
4
134
84
71
174
144
41
31
16
12
29
193
74
20
90
163
39
29
5
381
137
3
15
40
34
112
127
21
212
28
70
63
95
66
87
134
197
153
82
22
125
56
65
90
83
52
62
8
121
22
445
25
37
164
34
290
27
48
6
99
84
175
32
46
47
5
26
34
5
56
27
161
124
61
76
79
9
11
66
46
9
63
62
70
210
64
129
16
96
203
24
64
269
20
92
28
18
113
292
46
126
142
16
0
33
351
128
37
8
472
75
71
47
103
95
74
63
47
57
47
37
71
17
84
106
6
90
45
157
46
69
92
129
68
88
51
56
391
77
54
14
8
23
26
10
276
40
156
165
28
57
45
100
180
133
257
76
35
160
13
47
199
333
146
82
66
92
72
28
49
93
2
30
278
156
83
70
24
35
97
38
2
135
82
1
125
73
120
42
7
131
412
83
163
223
16
22
27
38
18
309
24
3
214
4
9
96
167
78
232
328
38
2
92
67
104
45
37
105
77
48
101
71
20
46
144
51
149
215
126
71
256
49
57
34
248
208
190
27
38
35
29
7
59
111
174
52
38
225
151
14
79
493
39
33
86
7
24
128
199
38
52
55
23
237
180
54
60
15
308
9
94
57
91
48
51
103
66
25
125
122
2
84
208
216
68
75
39
11
112
239
52
104
31
29
199
1
48
112
39
87
32
82
5
88
207
32
87
53
269
170
108
10
82
3
56
72
63
3
68
47
20
71
104
40
74
37
45
10
42
7
3
36
148
5
14
15
25
138
96
70
53
127
28
64
111
22
173
3
41
10
30
40
280
71
33
308
48
6
92
8
147
50
9
25
152
57
15
29
44
55
2
168
47
42
65
34
9
165
92
38
38
150
46
4
13
75
232
49
130
1
148
53
11
8
4
56
34
301
129
27
10
142
11
20
2
94
10
14
45
17
149
50
261
108
47
77
12
87
527
55
69
26
144
42
31
87
365
23
15
177
41
30
42
16
78
80
142
101
69
41
0
165
9
83
13
77
33
58
46
0
23
3
51
259
100
0
130
132
92
28
31
22
72
44
74
67
20
124
19
46
159
87
115
48
142
7
151
233
49
15
35
11
111
96
59
4
54
100
2
110
139
78
88
7
143
94
21
119
54
45
66
71
26
72
8
417
144
14
68
54
113
195
486
34
13
52
11
56
11
64
9
380
31
13
13
12
9
195
111
6
51
15
0
144
15
166
51
101
234
115
62
46
81
257
8
72
49
54
411
7
78
48
115
8
35
164
99
50
20
43
12
158
198
146
69
25
21
6
20
6
51
2
129
16
41
57
43
185
13
4
73
2
134
0
94
20
66
319
76
3
1
156
115
113
41
97
18
93
62
18
22
98
2
2
17
45
203
32
64
33
73
141
8
21
199
11
20
83
105
75
9
47
86
5
76
68
60
189
116
69
14
141
122
237
326
39
105
20
195
23
33
2
353
183
74
241
35
7
107
127
23
33
57
57
104
46
64
49
7
87
28
9
28
82
55
128
16
37
74
138
118
26
28
246
264
73
16
26
9
16
90
43
26
20
52
16
8
42
38
173
75
27
14
61
79
123
13
4
9
61
275
11
60
37
47
61
35
119
62
43
79
202
81
72
38
34
10
11
103
7
75
94
16
10
18
172
51
73
75
145
45
79
5
2
34
42
8
41
143
284
130
54
156
4
28
41
1
177
64
5
45
43
23
64
58
291
89
79
30
130
23
277
8
116
5
149
165
56
321
58
3
9
10
90
10
98
82
23
15
78
33
1
44
94
32
144
37
9
6
196
63
132
38
472
3
9
7
9
18
94
88
2
102
366
9
60
103
134
37
80
24
25
14
112
37
215
101
62
173
10
54
98
15
99
3
67
34
42
16
141
10
13
27
8
74
60
4
18
140
175
48
32
148
153
202
42
113
20
150
29
10
156
92
15
49
50
47
140
16
36
26
2
4
35
121
41
44
43
239
32
57
42
58
62
96
108
20
11
69
98
76
61
267
88
44
95
5
127
286
45
15
34
13
218
200
40
116
88
3
26
12
100
9
123
3
47
56
6
48
363
130
250
41
72
66
9
217
109
41
21
13
220
33
30
45
192
121
87
232
107
54
83
129
14
120
55
9
17
40
27
89
34
69
37
0
2
10
41
24
114
88
4
471
11
42
57
2
30
50
336
66
24
300
0
4
21
472
126
167
128
93
240
190
133
98
83
5
242
294
58
63
131
214
18
2
15
59
93
30
40
171
127
22
26
69
195
11
60
62
49
23
328
77
180
150
15
136
17
26
5
75
74
65
158
206
35
76
37
34
82
2
85
100
220
44
355
44
48
300
94
117
131
25
138
21
184
4
209
324
68
93
92
1
4
105
98
136
30
9
239
10
234
131
69
40
95
48
306
16
100
35
5
141
28
88
88
18
44
0
65
53
198
216
132
67
174
215
117
43
80
280
76
71
7
14
147
207
6
226
48
8
13
8
200
142
68
153
153
14
166
64
23
54
357
4
21
19
16
4
30
87
211
21
94
212
113
73
59
164
63
187
52
157
16
21
109
110
117
177
0
115
264
101
51
187
32
116
41
7
176
14
86
104
228
182
4
46
147
5
4
77
87
77
105
87
5
142
4
41
43
63
230
271
52
219
96
17
25
114
40
37
30
42
256
93
187
26
33
185
68
34
16
71
115
56
79
112
8
29
4
7
35
365
221
77
3
11
23
44
30
4
125
11
23
63
22
170
6
28
140
294
73
201
64
71
32
266
66
27
53
46
6
37
21
114
43
15
203
28
62
1
37
12
158
83
74
47
277
34
78
52
109
13
1
27
86
2
75
9
201
43
96
120
59
249
99
31
13
18
9
37
33
79
127
27
119
18
317
69
169
92
164
167
9
14
34
0
86
15
168
26
53
19
13
12
133
17
9
276
90
9
58
72
222
5
19
23
406
574
99
72
99
12
38
383
6
11
82
76
76
77
73
6
160
83
215
239
212
160
12
9
18
184
25
59
21
39
166
32
172
98
123
13
161
92
111
281
70
137
7
77
64
59
193
182
57
187
146
154
19
14
136
9
50
152
56
50
74
86
12
49
122
69
73
12
26
20
38
143
54
18
94
63
2
8
81
45
25
35
70
162
69
19
19
11
58
60
70
17
282
71
95
62
74
140
202
20
181
238
37
9
18
36
77
76
12
333
94
103
31
105
42
72
11
244
76
5
106
86
70
264
5
57
110
11
154
454
49
17
10
99
5
33
518
16
134
20
183
165
15
5
264
73
23
52
129
14
51
3
34
34
61
62
103
38
24
67
19
41
6
51
4
31
58
197
18
119
157
125
233
38
17
20
75
141
139
53
334
59
387
152
131
92
40
8
247
33
6
95
30
236
40
41
187
155
20
306
21
33
6
80
47
6
20
5
243
289
114
28
6
66
50
242
236
26
95
333
160
44
17
63
46
41
46
68
85
29
33
62
1
40
52
15
62
147
61
34
24
126
24
49
177
143
32
104
5
72
117
342
217
31
21
18
156
37
192
100
18
137
34
83
75
38
28
87
35
140
30
183
84
47
24
16
54
52
119
16
149
45
44
27
53
5
213
132
27
162
43
131
90
10
122
97
14
5
96
138
134
32
184
199
111
7
41
28
56
94
305
111
11
208
282
93
201
29
41
38
168
43
75
60
58
16
228
242
160
55
121
144
110
299
95
109
240
18
50
2
29
55
79
17
111
38
62
5
85
239
90
262
109
52
20
37
176
128
215
284
277
141
66
8
86
44
90
8
71
99
47
45
83
174
156
8
12
139
173
53
101
62
90
54
75
71
62
183
38
71
41
117
46
135
304
21
63
64
92
59
66
283
38
194
42
25
113
55
217
52
149
153
55
19
49
365
180
75
55
35
129
80
5
115
10
33
26
69
3
24
38
62
36
122
64
153
443
4
7
37
130
44
178
145
215
89
16
19
8
106
14
95
2
5
27
141
43
21
13
1
65
23
22
130
157
94
1
117
166
25
13
79
24
166
103
62
2
66
16
73
37
108
288
15
4
140
37
8
10
91
27
18
2
25
12
50
14
143
10
9
199
3
27
4
186
20
54
110
0
289
159
125
73
124
134
39
310
27
191
83
64
91
13
31
2
41
105
121
3
15
33
60
44
2
203
143
19
83
20
52
51
126
39
10
63
144
75
94
95
19
25
229
32
282
118
215
127
4
204
110
186
140
222
31
24
45
111
25
26
53
93
23
10
89
106
98
18
180
47
9
38
220
113
7
6
67
71
8
24
108
113
24
49
121
0
51
297
23
370
24
70
115
10
53
24
43
37
235
27
2
119
106
153
127
70
69
57
37
48
120
405
7
68
113
53
88
27
137
123
98
90
2
53
12
42
5
69
184
64
0
13
20
11
6
116
17
73
166
43
86
87
26
184
204
90
31
15
7
40
151
32
175
30
5
21
59
92
72
49
34
123
7
18
49
114
195
158
20
335
11
116
7
48
13
371
37
48
71
37
118
4
28
53
40
39
65
241
123
46
54
19
22
83
67
28
101
265
87
122
178
82
298
35
9
32
56
287
22
175
40
178
15
208
22
204
134
30
42
8
107
22
15
24
32
23
74
107
18
7
277
26
12
339
61
94
27
1
155
154
123
192
129
68
65
127
60
61
0
64
72
10
11
65
17
83
93
25
21
15
7
9
138
14
94
24
7
64
8
601
233
4
64
216
36
99
4
176
140
38
44
8
39
48
38
33
35
88
90
78
69
99
176
161
97
13
2
1
65
8
52
13
19
14
281
83
25
137
266
10
132
83
117
65
12
45
2
26
53
48
159
35
19
35
18
43
36
146
11
81
74
91
34
44
168
184
74
160
66
65
155
50
32
126
43
34
46
64
2
39
3
48
4
258
136
157
5
82
48
191
98
105
36
141
104
352
35
130
12
57
21
93
2
52
21
18
173
2
61
82
89
153
122
1
88
159
9
82
34
46
4
11
68
125
9
35
19
55
47
206
52
49
67
220
64
30
34
24
31
199
22
84
87
55
34
50
41
121
29
33
55
46
7
42
187
72
607
141
29
79
77
83
38
148
70
61
23
11
122
11
55
4
66
50
59
67
42
189
48
144
21
6
40
175
49
184
41
103
30
2
47
25
67
11
73
43
60
171
166
285
17
27
179
77
60
109
55
194
392
20
0
128
2
119
147
43
190
59
116
27
31
15
34
133
65
54
22
17
25
106
3
108
93
25
166
7
53
95
39
253
183
209
30
44
34
176
30
5
17
63
92
36
68
8
41
8
198
174
3
101
107
23
29
166
224
23
73
21
41
13
275
21
93
3
128
43
321
62
12
24
264
15
114
8
125
76
23
26
52
53
52
22
1
3
210
0
65
26
204
103
126
95
62
63
38
60
56
193
139
129
68
32
52
2
35
33
64
39
5
31
152
110
162
31
44
232
11
100
3
209
40
30
19
62
61
170
135
50
23
48
39
72
70
58
323
282
1
7
51
54
47
45
19
74
72
51
5
27
3
1
22
46
40
54
78
408
33
109
311
170
17
3
35
351
16
48
192
2
8
77
174
9
271
33
51
114
189
44
81
125
36
130
93
25
12
371
270
69
27
85
103
117
336
33
36
89
16
67
44
12
15
56
313
93
89
20
92
8
669
5
25
265
4
49
73
246
116
61
24
30
177
11
87
65
20
177
138
74
125
16
63
42
18
35
376
74
1
16
2
136
67
47
133
220
553
14
38
75
41
79
173
12
175
65
23
253
73
169
13
71
112
56
80
145
73
96
46
168
28
214
31
205
252
142
4
294
138
4
6
144
23
149
51
144
84
357
2
76
303
125
68
15
183
12
29
50
11
85
446
127
30
145
96
234
203
98
282
64
144
135
20
29
15
43
133
232
54
82
127
91
37
372
41
32
13
118
49
29
15
179
225
182
120
84
187
24
94
76
6
90
14
31
1
77
57
27
134
162
87
48
73
59
114
74
24
105
109
110
13
62
112
11
83
18
190
81
23
67
61
77
78
9
86
30
1
81
3
40
100
80
80
189
45
22
124
16
16
68
208
193
3
153
26
136
13
7
23
23
30
21
1
41
154
9
93
166
57
32
23
66
214
35
146
172
71
216
31
106
47
47
71
74
50
93
59
276
24
4
6
12
0
135
59
255
65
77
52
499
351
91
15
346
8
18
2
26
144
4
76
40
163
25
41
125
26
6
119
10
160
57
294
59
112
80
206
39
1
7
9
57
45
117
54
83
118
244
107
6
96
270
357
16
7
68
11
11
124
15
15
129
312
5
107
110
60
26
52
54
121
96
15
227
79
57
35
30
2
55
162
56
27
87
11
68
208
26
52
120
18
117
210
7
58
47
230
13
32
85
16
20
91
130
461
77
42
19
5
1
251
71
12
24
234
255
12
241
49
2
27
17
84
123
210
67
62
3
5
56
98
14
62
12
187
78
179
14
80
107
52
92
107
17
120
7
133
89
279
101
3
64
160
87
7
30
14
35
40
23
6
28
79
78
110
82
8
30
22
86
58
161
163
71
97
24
185
45
304
10
4
40
17
57
84
7
14
4
14
84
17
28
50
59
37
39
3
9
87
62
253
53
65
15
139
9
38
14
3
88
47
0
19
4
187
43
104
61
52
32
30
114
65
118
18
277
5
351
47
55
191
101
167
242
33
141
30
74
23
105
91
15
329
116
116
134
24
39
163
14
98
99
74
94
6
66
26
70
21
16
114
32
260
83
8
122
70
82
151
159
30
87
4
58
126
243
106
104
13
82
147
132
110
42
120
146
55
365
51
57
188
363
192
30
3
28
161
13
21
54
92
45
6
90
16
75
175
67
162
86
32
133
5
75
63
52
4
8
154
60
1
193
64
8
282
40
74
117
57
123
56
152
35
61
53
282
64
5
74
164
19
389
8
95
51
15
165
193
175
126
9
12
32
152
49
24
33
66
5
124
26
38
77
51
145
132
30
96
112
10
51
109
28
321
73
89
231
12
245
39
77
4
212
38
343
4
115
65
116
14
24
28
9
69
60
252
21
64
124
168
175
217
59
14
143
301
42
114
68
43
41
13
31
136
12
76
150
54
1
1
101
16
30
246
295
7
23
235
23
40
17
2
13
33
268
37
88
8
8
94
201
183
42
233
11
126
264
13
93
142
50
56
39
120
11
63
43
6
47
23
34
74
66
21
38
147
116
74
71
7
20
95
317
40
11
328
128
25
82
52
7
33
2
11
25
119
46
136
316
63
275
295
3
0
16
36
34
92
55
69
65
225
108
15
3
228
73
98
60
6
52
11
13
62
25
6
23
99
114
83
67
36
226
4
29
55
28
131
201
119
54
96
82
83
62
81
32
66
75
106
120
68
50
134
37
166
100
63
32
26
144
110
2
51
61
24
39
50
91
102
33
235
607
234
204
44
2
38
8
51
8
44
13
17
41
199
62
30
13
60
106
49
4
92
52
67
4
289
9
5
97
15
116
227
19
154
12
10
95
182
96
6
19
15
107
58
168
54
77
12
96
238
28
88
41
56
22
29
25
253
25
198
237
71
12
5
262
217
96
21
17
20
165
130
228
44
27
88
164
27
200
181
46
34
82
367
281
11
17
117
10
69
283
0
78
113
104
21
158
57
15
347
21
120
355
2
4
212
62
129
50
113
91
119
130
66
102
209
154
8
115
22
86
17
37
77
7
73
63
20
26
28
22
61
34
33
154
107
108
157
50
129
7
14
56
85
42
126
512
16
105
2
98
9
88
10
77
20
38
289
70
265
17
22
3
126
44
59
9
225
46
28
64
12
32
54
48
39
117
34
35
24
31
209
27
21
155
79
32
98
74
11
66
264
29
176
23
91
26
49
151
150
96
19
8
107
1
185
10
101
10
122
19
172
33
35
342
11
22
10
202
13
313
218
44
65
119
234
145
35
106
20
13
107
14
62
113
80
40
544
57
76
17
191
20
122
61
176
17
190
30
26
8
3
6
210
43
84
96
62
38
72
20
306
58
35
30
21
202
157
46
34
10
81
368
11
125
18
38
51
108
17
5
132
48
267
226
12
165
195
315
280
57
10
35
175
65
46
150
31
6
117
170
67
70
41
73
34
275
112
6
343
71
14
16
41
8
98
71
54
10
73
92
39
1
200
69
45
105
115
20
125
210
1
67
1
129
42
136
16
43
39
8
31
58
9
47
10
203
198
34
5
13
156
73
62
214
153
119
19
25
87
21
13
14
95
108
41
213
72
71
11
99
28
26
81
397
81
161
129
94
23
193
13
89
42
25
33
118
7
241
50
68
187
121
1
46
21
35
12
39
59
18
69
234
747
27
64
41
20
120
59
47
86
15
18
20
21
78
3
20
25
40
83
49
135
17
133
73
141
108
88
24
84
88
268
77
199
29
36
120
46
20
93
35
291
32
140
65
60
143
17
207
18
56
238
36
84
94
69
180
18
11
11
18
191
180
17
79
41
9
25
63
44
17
16
113
184
20
35
25
12
6
86
171
46
33
151
169
89
77
127
56
127
258
65
12
33
36
373
46
38
173
32
136
88
22
23
229
2
20
136
13
31
64
36
25
6
117
91
57
125
313
103
90
55
112
142
7
444
209
9
6
25
65
2
34
4
189
131
16
95
16
31
52
70
33
553
36
244
50
18
201
61
102
78
11
47
4
76
21
306
12
13
87
89
94
72
332
20
3
22
62
149
36
68
82
69
2
191
141
357
373
77
208
85
54
19
34
52
5
76
195
18
440
35
9
55
66
109
49
38
20
69
15
45
48
244
141
26
34
73
79
36
100
20
76
101
32
35
72
38
52
48
64
20
37
110
104
8
83
81
73
513
81
20
63
74
2
23
284
239
183
174
113
25
22
198
100
83
12
49
31
23
42
88
205
235
258
2
31
13
208
69
35
189
15
54
16
40
140
6
38
23
132
36
38
61
5
2
85
57
63
105
133
26
131
209
88
23
38
18
74
127
14
170
39
67
36
10
135
162
22
23
11
82
80
55
9
176
43
98
68
71
150
85
110
72
213
10
4
47
23
2
120
128
105
2
2
46
0
62
298
100
131
21
128
146
25
153
108
31
196
27
13
9
42
339
22
65
150
24
178
6
188
52
2
44
339
5
1
55
147
458
43
210
24
430
42
98
162
289
54
184
20
178
18
239
237
53
8
144
149
38
78
99
33
10
17
8
209
116
163
90
49
112
29
30
9
254
44
37
201
97
51
103
3
209
94
67
288
7
56
53
29
481
187
335
55
49
70
37
360
75
93
65
7
108
90
13
33
55
323
30
13
25
